// Jest Snapshot v1, https://goo.gl/fbAQLP

exports[`Performs simple calculations 1`] = `
Object {
  "asFragment": [Function],
  "baseElement": <body>
    <div>
      <div
        class="main-div"
      >
        <p>
          Let's do some math!
        </p>
        <div
          class="calculator-div"
        >
          <div
            class="display-div"
          >
            0
          </div>
          <section
            class="button-container"
          >
            <button
              class="buttons"
              name="AC"
              type="button"
            >
              AC
            </button>
            <button
              class="buttons"
              name="+/-"
              type="button"
            >
              +/-
            </button>
            <button
              class="buttons"
              name="%"
              type="button"
            >
              %
            </button>
            <button
              class="buttons"
              name="รท"
              type="button"
            >
              รท
            </button>
            <button
              class="buttons"
              name="7"
              type="button"
            >
              7
            </button>
            <button
              class="buttons"
              name="8"
              type="button"
            >
              8
            </button>
            <button
              class="buttons"
              name="9"
              type="button"
            >
              9
            </button>
            <button
              class="buttons"
              name="x"
              type="button"
            >
              x
            </button>
            <button
              class="buttons"
              name="6"
              type="button"
            >
              6
            </button>
            <button
              class="buttons"
              name="5"
              type="button"
            >
              5
            </button>
            <button
              class="buttons"
              name="4"
              type="button"
            >
              4
            </button>
            <button
              class="buttons"
              name="-"
              type="button"
            >
              -
            </button>
            <button
              class="buttons"
              name="3"
              type="button"
            >
              3
            </button>
            <button
              class="buttons"
              name="2"
              type="button"
            >
              2
            </button>
            <button
              class="buttons"
              name="1"
              type="button"
            >
              1
            </button>
            <button
              class="buttons"
              name="+"
              type="button"
            >
              +
            </button>
            <button
              class="buttons"
              name="0"
              type="button"
            >
              0
            </button>
            <button
              class="buttons"
              name="."
              type="button"
            >
              .
            </button>
            <button
              class="buttons"
              name="="
              type="button"
            >
              =
            </button>
          </section>
        </div>
      </div>
    </div>
  </body>,
  "container": <div>
    <div
      class="main-div"
    >
      <p>
        Let's do some math!
      </p>
      <div
        class="calculator-div"
      >
        <div
          class="display-div"
        >
          0
        </div>
        <section
          class="button-container"
        >
          <button
            class="buttons"
            name="AC"
            type="button"
          >
            AC
          </button>
          <button
            class="buttons"
            name="+/-"
            type="button"
          >
            +/-
          </button>
          <button
            class="buttons"
            name="%"
            type="button"
          >
            %
          </button>
          <button
            class="buttons"
            name="รท"
            type="button"
          >
            รท
          </button>
          <button
            class="buttons"
            name="7"
            type="button"
          >
            7
          </button>
          <button
            class="buttons"
            name="8"
            type="button"
          >
            8
          </button>
          <button
            class="buttons"
            name="9"
            type="button"
          >
            9
          </button>
          <button
            class="buttons"
            name="x"
            type="button"
          >
            x
          </button>
          <button
            class="buttons"
            name="6"
            type="button"
          >
            6
          </button>
          <button
            class="buttons"
            name="5"
            type="button"
          >
            5
          </button>
          <button
            class="buttons"
            name="4"
            type="button"
          >
            4
          </button>
          <button
            class="buttons"
            name="-"
            type="button"
          >
            -
          </button>
          <button
            class="buttons"
            name="3"
            type="button"
          >
            3
          </button>
          <button
            class="buttons"
            name="2"
            type="button"
          >
            2
          </button>
          <button
            class="buttons"
            name="1"
            type="button"
          >
            1
          </button>
          <button
            class="buttons"
            name="+"
            type="button"
          >
            +
          </button>
          <button
            class="buttons"
            name="0"
            type="button"
          >
            0
          </button>
          <button
            class="buttons"
            name="."
            type="button"
          >
            .
          </button>
          <button
            class="buttons"
            name="="
            type="button"
          >
            =
          </button>
        </section>
      </div>
    </div>
  </div>,
  "debug": [Function],
  "findAllByAltText": [Function],
  "findAllByDisplayValue": [Function],
  "findAllByLabelText": [Function],
  "findAllByPlaceholderText": [Function],
  "findAllByRole": [Function],
  "findAllByTestId": [Function],
  "findAllByText": [Function],
  "findAllByTitle": [Function],
  "findByAltText": [Function],
  "findByDisplayValue": [Function],
  "findByLabelText": [Function],
  "findByPlaceholderText": [Function],
  "findByRole": [Function],
  "findByTestId": [Function],
  "findByText": [Function],
  "findByTitle": [Function],
  "getAllByAltText": [Function],
  "getAllByDisplayValue": [Function],
  "getAllByLabelText": [Function],
  "getAllByPlaceholderText": [Function],
  "getAllByRole": [Function],
  "getAllByTestId": [Function],
  "getAllByText": [Function],
  "getAllByTitle": [Function],
  "getByAltText": [Function],
  "getByDisplayValue": [Function],
  "getByLabelText": [Function],
  "getByPlaceholderText": [Function],
  "getByRole": [Function],
  "getByTestId": [Function],
  "getByText": [Function],
  "getByTitle": [Function],
  "queryAllByAltText": [Function],
  "queryAllByDisplayValue": [Function],
  "queryAllByLabelText": [Function],
  "queryAllByPlaceholderText": [Function],
  "queryAllByRole": [Function],
  "queryAllByTestId": [Function],
  "queryAllByText": [Function],
  "queryAllByTitle": [Function],
  "queryByAltText": [Function],
  "queryByDisplayValue": [Function],
  "queryByLabelText": [Function],
  "queryByPlaceholderText": [Function],
  "queryByRole": [Function],
  "queryByTestId": [Function],
  "queryByText": [Function],
  "queryByTitle": [Function],
  "rerender": [Function],
  "unmount": [Function],
}
`;
